// Jest Snapshot v1, https://goo.gl/fbAQLP

exports[`<OrderBy /> should match snapshot in mobile 1`] = `
<DocumentFragment>
  <div
    class="orderByDropdown relative pt1 justify-end w-100 w-auto-ns ml-auto"
  >
    <button
      class="orderByButton ph3 pv5 mv0 pointer flex items-center justify-end bg-base c-on-base t-action--small bt br bl bb-0 br2 br--top bw1 w-100 outline-0 b--transparent pl1"
    >
      <span
        class="filterPopupTitle c-on-base t-action--small ml-auto-ns"
      >
        <span
          class="orderByText c-muted-2"
        >
          Sort By
        </span>
         Sales
      </span>
      <span
        class="filterPopupArrowIcon ph5 pt1"
      >
        <div>
          IconCaret
        </div>
      </span>
    </button>
    <div
      class="orderByOptionsContainer z-3 absolute bg-base shadow-5 w-100 f5 b--muted-4 br2 ba bw1 br--bottom top-0 right-0-ns dn"
    >
      <button
        class="hover-bg-muted-5 bg-base orderByOptionItem orderByOptionItem--  c-on-base f5 ml-auto db no-underline pointer tl bn pv4 ph5 w-100 right-0-ns"
      >
        Relevance
      </button>
      <button
        class="bg-light-gray orderByOptionItem orderByOptionItem--selected  c-on-base f5 ml-auto db no-underline pointer tl bn pv4 ph5 w-100 right-0-ns"
      >
        Sales
      </button>
      <button
        class="hover-bg-muted-5 bg-base orderByOptionItem orderByOptionItem--  c-on-base f5 ml-auto db no-underline pointer tl bn pv4 ph5 w-100 right-0-ns"
      >
        Release date
      </button>
      <button
        class="hover-bg-muted-5 bg-base orderByOptionItem orderByOptionItem--  c-on-base f5 ml-auto db no-underline pointer tl bn pv4 ph5 w-100 right-0-ns"
      >
        Discount
      </button>
      <button
        class="hover-bg-muted-5 bg-base orderByOptionItem orderByOptionItem--  c-on-base f5 ml-auto db no-underline pointer tl bn pv4 ph5 w-100 right-0-ns"
      >
        Price: High to low
      </button>
      <button
        class="hover-bg-muted-5 bg-base orderByOptionItem orderByOptionItem--  c-on-base f5 ml-auto db no-underline pointer tl bn pv4 ph5 w-100 right-0-ns"
      >
        Price: Low to high
      </button>
      <button
        class="hover-bg-muted-5 bg-base orderByOptionItem orderByOptionItem--  c-on-base f5 ml-auto db no-underline pointer tl bn pv4 ph5 w-100 right-0-ns"
      >
        Name, ascending
      </button>
      <button
        class="hover-bg-muted-5 bg-base orderByOptionItem orderByOptionItem--  c-on-base f5 ml-auto db no-underline pointer tl bn pv4 ph5 w-100 right-0-ns"
      >
        Name, descending
      </button>
    </div>
  </div>
</DocumentFragment>
`;

exports[`<OrderBy /> should match snapshot in web mod 1`] = `
<DocumentFragment>
  <div
    class="orderByDropdown relative pt1 justify-end w-100 w-auto-ns ml-auto"
  >
    <button
      class="orderByButton ph3 pv5 mv0 pointer flex items-center justify-end bg-base c-on-base t-action--small bt br bl bb-0 br2 br--top bw1 w-100 outline-0 b--transparent pl1"
    >
      <span
        class="filterPopupTitle c-on-base t-action--small ml-auto-ns"
      >
        <span
          class="orderByText c-muted-2"
        >
          Sort By
        </span>
         Sales
      </span>
      <span
        class="filterPopupArrowIcon ph5 pt1"
      >
        <div>
          IconCaret
        </div>
      </span>
    </button>
    <div
      class="orderByOptionsContainer z-3 absolute bg-base shadow-5 w-100 f5 b--muted-4 br2 ba bw1 br--bottom top-0 right-0-ns dn"
    >
      <button
        class="hover-bg-muted-5 bg-base orderByOptionItem orderByOptionItem--  c-on-base f5 ml-auto db no-underline pointer tl bn pv4 ph5 w-100 right-0-ns"
      >
        Relevance
      </button>
      <button
        class="bg-light-gray orderByOptionItem orderByOptionItem--selected  c-on-base f5 ml-auto db no-underline pointer tl bn pv4 ph5 w-100 right-0-ns"
      >
        Sales
      </button>
      <button
        class="hover-bg-muted-5 bg-base orderByOptionItem orderByOptionItem--  c-on-base f5 ml-auto db no-underline pointer tl bn pv4 ph5 w-100 right-0-ns"
      >
        Release date
      </button>
      <button
        class="hover-bg-muted-5 bg-base orderByOptionItem orderByOptionItem--  c-on-base f5 ml-auto db no-underline pointer tl bn pv4 ph5 w-100 right-0-ns"
      >
        Discount
      </button>
      <button
        class="hover-bg-muted-5 bg-base orderByOptionItem orderByOptionItem--  c-on-base f5 ml-auto db no-underline pointer tl bn pv4 ph5 w-100 right-0-ns"
      >
        Price: High to low
      </button>
      <button
        class="hover-bg-muted-5 bg-base orderByOptionItem orderByOptionItem--  c-on-base f5 ml-auto db no-underline pointer tl bn pv4 ph5 w-100 right-0-ns"
      >
        Price: Low to high
      </button>
      <button
        class="hover-bg-muted-5 bg-base orderByOptionItem orderByOptionItem--  c-on-base f5 ml-auto db no-underline pointer tl bn pv4 ph5 w-100 right-0-ns"
      >
        Name, ascending
      </button>
      <button
        class="hover-bg-muted-5 bg-base orderByOptionItem orderByOptionItem--  c-on-base f5 ml-auto db no-underline pointer tl bn pv4 ph5 w-100 right-0-ns"
      >
        Name, descending
      </button>
    </div>
  </div>
</DocumentFragment>
`;
